// Vitest Snapshot v1, https://vitest.dev/guide/snapshot.html

exports[`routes > should match snapshot 1`] = `
{
  "BEST_BUY": "/best-buy",
  "BEST_DCA": "/best-dca",
  "CFAGI": "/cfagi",
  "LOGIN": "/login",
  "PLAYGROUND": "/playground",
  "PROFILE": "/profile",
  "SETTINGS": "/settings",
  "SIGNUP": "/signup",
  "SINGLE": "/single",
}
`;
